-50  0.000655614
-48  0.0020988
-46  0.00347347
-44  0.00445574
-42  0.00516388
-40  0.0057719
-38  0.00636903
-36  0.00698246
-34  0.00761539
-32  0.00826442
-30  0.0089244
-28  0.00958943
-26  0.0102531
-24  0.0109084
-22  0.0115483
-20  0.0121653
-18  0.0127518
-16  0.0133005
-14  0.0138043
-12  0.0142563
-10  0.0146503
-8  0.0149808
-6  0.0152429
-4  0.015433
-2  0.0155482
0  0.0155867
2  0.0155482
4  0.015433
6  0.0152429
8  0.0149808
10  0.0146503
12  0.0142563
14  0.0138043
16  0.0133005
18  0.0127518
20  0.0121653
22  0.0115483
24  0.0109084
26  0.0102531
28  0.00958943
30  0.0089244
32  0.0082644
34  0.00761518
36  0.00698065
38  0.00635742
40  0.00571526
42  0.00495394
44  0.00387699
46  0.00234955
48  0.000735262
