-50  0.000829249
-48  0.00245453
-46  0.0037498
-44  0.00456736
-42  0.00517547
-40  0.00574655
-38  0.00633317
-36  0.00694312
-34  0.00757391
-32  0.00822106
-30  0.00887926
-28  0.00954263
-26  0.0102047
-24  0.0108587
-22  0.0114972
-20  0.012113
-18  0.0126985
-16  0.0132464
-14  0.0137494
-12  0.0142007
-10  0.0145941
-8  0.0149241
-6  0.015186
-4  0.0153758
-2  0.0154908
0  0.0155294
2  0.0154908
4  0.0153758
6  0.015186
8  0.0149241
10  0.0145941
12  0.0142007
14  0.0137494
16  0.0132464
18  0.0126985
20  0.012113
22  0.0114972
24  0.0108587
26  0.0102047
28  0.00954263
30  0.00887926
32  0.00822106
34  0.00757391
36  0.00694296
38  0.0063312
40  0.00573022
42  0.00508117
44  0.0041897
46  0.00275181
48  0.000931644
