-50  0.000203333
-48  0.000783575
-46  0.00166004
-44  0.00272332
-42  0.00386252
-40  0.00498787
-38  0.0060427
-36  0.00700378
-34  0.00787337
-32  0.00866797
-30  0.00940808
-28  0.0101112
-26  0.0107889
-24  0.011446
-22  0.0120822
-20  0.0126935
-18  0.0132738
-16  0.0138163
-14  0.0143141
-12  0.0147603
-10  0.0151489
-8  0.0154746
-6  0.0157328
-4  0.0159199
-2  0.0160332
0  0.0160711
2  0.0160332
4  0.0159199
6  0.0157328
8  0.0154747
10  0.0151492
12  0.0147609
14  0.0143152
16  0.0138183
18  0.0132769
20  0.0126975
22  0.0120859
24  0.0114457
26  0.0107768
28  0.0100732
30  0.0093218
32  0.00850279
34  0.00759314
36  0.00657425
38  0.00544338
40  0.00422629
42  0.00298614
44  0.00182323
46  0.000861607
48  0.000223736
