-50  0.000246511
-48  0.00093536
-46  0.00193488
-44  0.00308199
-42  0.00423452
-40  0.00530321
-38  0.0062559
-36  0.00710179
-34  0.00786943
-32  0.00858902
-30  0.00928295
-28  0.00996344
-26  0.0106341
-24  0.011293
-22  0.0119347
-20  0.0125526
-18  0.0131394
-16  0.0136877
-14  0.0141906
-12  0.0146413
-10  0.0150339
-8  0.0153629
-6  0.0156238
-4  0.0158128
-2  0.0159274
0  0.0159657
2  0.0159274
4  0.0158128
6  0.0156238
8  0.0153629
10  0.0150339
12  0.0146413
14  0.0141906
16  0.0136879
18  0.0131397
20  0.0125531
22  0.0119354
24  0.0112933
26  0.0106319
28  0.00995305
30  0.00925242
32  0.00851612
34  0.00771903
36  0.00682725
38  0.00580867
40  0.00465272
42  0.00339514
44  0.00213576
46  0.00103393
48  0.000272721
