-50  0.000438254
-48  0.00154141
-46  0.00286157
-44  0.00404902
-42  0.0049958
-40  0.00575739
-38  0.00642635
-36  0.00706751
-34  0.00771096
-32  0.00836513
-30  0.00902874
-28  0.00969688
-26  0.0103633
-24  0.0110211
-22  0.011663
-20  0.0122818
-18  0.0128699
-16  0.0134199
-14  0.0139247
-12  0.0143775
-10  0.0147721
-8  0.015103
-6  0.0153655
-4  0.0155558
-2  0.0156711
0  0.0157098
2  0.0156711
4  0.0155558
6  0.0153655
8  0.015103
10  0.0147721
12  0.0143775
14  0.0139247
16  0.0134199
18  0.0128699
20  0.0122818
22  0.011663
24  0.0110211
26  0.0103633
28  0.00969684
30  0.00902845
32  0.00836344
34  0.00770321
36  0.00703839
38  0.00633543
40  0.00552156
42  0.00449244
44  0.00318489
46  0.00171944
48  0.000489534
