-50  0.000317222
-48  0.00117178
-46  0.00232913
-44  0.00354108
-42  0.00464538
-40  0.0055902
-38  0.00639948
-36  0.00712399
-34  0.00780853
-32  0.00848049
-30  0.0091515
-28  0.00982309
-26  0.0104915
-24  0.0111507
-22  0.0117938
-20  0.0124132
-18  0.0130016
-16  0.0135517
-14  0.0140564
-12  0.014509
-10  0.0149033
-8  0.0152339
-6  0.0154961
-4  0.0156861
-2  0.0158012
0  0.0158398
2  0.0158012
4  0.0156861
6  0.0154961
8  0.0152339
10  0.0149033
12  0.014509
14  0.0140564
16  0.0135517
18  0.0130016
20  0.0124132
22  0.0117938
24  0.0111508
26  0.0104914
28  0.0098218
30  0.00914594
32  0.00846191
34  0.00775665
36  0.00699951
38  0.00614023
40  0.00512167
42  0.00391652
44  0.00258248
46  0.00130154
48  0.000352724
