-50  0.000263306
-48  0.000992886
-46  0.00203464
-44  0.00320449
-42  0.00435176
-40  0.00539254
-38  0.0063073
-36  0.00711721
-34  0.00785763
-32  0.00856013
-30  0.00924517
-28  0.00992202
-26  0.0105919
-24  0.011251
-22  0.0118935
-20  0.0125122
-18  0.0130997
-16  0.0136488
-14  0.0141525
-12  0.0146039
-10  0.0149972
-8  0.0153268
-6  0.0155882
-4  0.0157776
-2  0.0158924
0  0.0159308
2  0.0158924
4  0.0157776
6  0.0155882
8  0.0153268
10  0.0149972
12  0.0146039
14  0.0141525
16  0.0136489
18  0.0130998
20  0.0125124
22  0.0118938
24  0.0112512
26  0.0105906
28  0.0099157
30  0.00922477
32  0.00850729
34  0.0077403
36  0.0068884
38  0.00591185
40  0.00478667
42  0.00353441
44  0.0022489
46  0.0010991
48  0.000291737
