-50  0.000350661
-48  0.0012783
-46  0.00249309
-44  0.0037117
-42  0.0047767
-40  0.00566387
-38  0.00642193
-36  0.00711203
-34  0.00777778
-32  0.00844108
-30  0.00910857
-28  0.00977877
-26  0.0104466
-24  0.0111055
-22  0.0117483
-20  0.0123677
-18  0.0129562
-16  0.0135065
-14  0.0140113
-12  0.0144641
-10  0.0148587
-8  0.0151895
-6  0.0154519
-4  0.0156421
-2  0.0157573
0  0.0157959
2  0.0157573
4  0.0156421
6  0.0154519
8  0.0151895
10  0.0148587
12  0.0144641
14  0.0140113
16  0.0135065
18  0.0129562
20  0.0123677
22  0.0117483
24  0.0111055
26  0.0104466
28  0.00977829
30  0.00910609
32  0.00843144
34  0.00774686
36  0.00702789
38  0.00622566
40  0.00527141
42  0.00411002
44  0.00276805
46  0.001422
48  0.000390527
