-50  0.000478287
-48  0.00165411
-46  0.00300359
-44  0.0041612
-42  0.00505474
-40  0.00577294
-38  0.00641745
-36  0.00704786
-34  0.00768719
-32  0.00833969
-30  0.00900238
-28  0.00966981
-26  0.0103356
-24  0.0109929
-22  0.0116345
-20  0.0122529
-18  0.0128407
-16  0.0133905
-14  0.0138951
-12  0.0143478
-10  0.0147423
-8  0.0150732
-6  0.0153357
-4  0.0155259
-2  0.0156412
0  0.0156799
2  0.0156412
4  0.0155259
6  0.0153357
8  0.0150732
10  0.0147423
12  0.0143478
14  0.0138951
16  0.0133905
18  0.0128407
20  0.0122529
22  0.0116345
24  0.0109929
26  0.0103356
28  0.0096698
30  0.00900227
32  0.00833893
34  0.00768312
36  0.00703014
38  0.00635439
40  0.00558904
42  0.00461963
44  0.00334551
46  0.00184683
48  0.000534783
