-50  0.000463906
-48  0.00161416
-46  0.00295433
-44  0.00412345
-42  0.00503579
-40  0.0057686
-38  0.00642099
-36  0.00705473
-34  0.0076953
-32  0.00834832
-30  0.00901131
-28  0.00967899
-26  0.010345
-24  0.0110025
-22  0.0116442
-20  0.0122627
-18  0.0128506
-16  0.0134005
-14  0.0139052
-12  0.0143579
-10  0.0147525
-8  0.0150834
-6  0.0153459
-4  0.0155362
-2  0.0156515
0  0.0156901
2  0.0156515
4  0.0155362
6  0.0153459
8  0.0150834
10  0.0147525
12  0.0143579
14  0.0139052
16  0.0134005
18  0.0128506
20  0.0122627
22  0.0116442
24  0.0110025
26  0.010345
28  0.00967897
30  0.00901116
32  0.00834731
34  0.00769016
36  0.00703353
38  0.00634901
40  0.00556733
42  0.00457683
44  0.00328979
46  0.00180168
48  0.000518528
