-50  0.000371673
-48  0.00134351
-46  0.00258925
-44  0.00380599
-42  0.00484367
-40  0.00569699
-38  0.0064282
-36  0.00710205
-34  0.00775978
-32  0.00841966
-30  0.00908578
-28  0.00975537
-26  0.0104228
-24  0.0110815
-22  0.0117241
-20  0.0123434
-18  0.0129319
-16  0.0134821
-14  0.013987
-12  0.0144399
-10  0.0148345
-8  0.0151654
-6  0.0154278
-4  0.0156181
-2  0.0157333
0  0.0157719
2  0.0157333
4  0.0156181
6  0.0154278
8  0.0151654
10  0.0148345
12  0.0144399
14  0.013987
16  0.0134821
18  0.0129319
20  0.0123434
22  0.0117242
24  0.0110815
26  0.0104228
28  0.00975511
30  0.00908429
32  0.00841329
34  0.00773752
36  0.00703656
38  0.00626424
40  0.00534781
42  0.00421693
44  0.00287685
46  0.00149573
48  0.000414279
