-50  0.00028461
-48  0.00106462
-46  0.00215561
-44  0.00334733
-42  0.00448167
-40  0.00548496
-38  0.00635478
-36  0.00712582
-34  0.00783924
-32  0.00852618
-30  0.00920374
-28  0.00987774
-26  0.0105469
-24  0.0112062
-22  0.0118491
-20  0.0124683
-18  0.0130564
-16  0.0136061
-14  0.0141103
-12  0.0145624
-10  0.0149562
-8  0.0152863
-6  0.0155481
-4  0.0157379
-2  0.0158528
0  0.0158913
2  0.0158528
4  0.0157379
6  0.0155481
8  0.0152863
10  0.0149562
12  0.0145624
14  0.0141103
16  0.0136061
18  0.0130564
20  0.0124684
22  0.0118492
24  0.0112063
26  0.0105463
28  0.00987437
30  0.00919153
32  0.00849114
34  0.00775399
36  0.00694521
38  0.00601857
40  0.00493494
42  0.00369665
44  0.00238599
46  0.00118032
48  0.000315842
