-50  0.000205441
-48  0.000791115
-46  0.00167408
-44  0.00274238
-42  0.00388331
-40  0.00500664
-38  0.00605653
-36  0.00701125
-34  0.0078746
-32  0.00866413
-30  0.00940079
-28  0.0101021
-26  0.0107791
-24  0.0114363
-22  0.0120729
-20  0.0126848
-18  0.0132658
-16  0.0138089
-14  0.014307
-12  0.0147537
-10  0.0151427
-8  0.0154686
-6  0.015727
-4  0.0159142
-2  0.0160277
0  0.0160656
2  0.0160277
4  0.0159143
6  0.0157271
8  0.0154687
10  0.0151429
12  0.0147542
14  0.014308
16  0.0138106
18  0.0132685
20  0.0126884
22  0.0120763
24  0.0114361
26  0.0107679
28  0.0100664
30  0.00931879
32  0.00850537
34  0.0076026
36  0.00659069
38  0.0054652
40  0.0042502
42  0.00300794
44  0.00183924
46  0.000870187
48  0.000226133
