-50  0.000229523
-48  0.000876305
-46  0.00182994
-44  0.00294865
-42  0.00410107
-40  0.00519534
-38  0.00618795
-36  0.00707528
-34  0.00787695
-32  0.00861971
-30  0.00932674
-28  0.0100131
-26  0.0106853
-24  0.0113436
-22  0.011984
-20  0.0126004
-18  0.0131857
-16  0.0137327
-14  0.0142344
-12  0.014684
-10  0.0150755
-8  0.0154037
-6  0.0156638
-4  0.0158523
-2  0.0159665
0  0.0160048
2  0.0159665
4  0.0158523
6  0.0156638
8  0.0154037
10  0.0150756
12  0.0146841
14  0.0142345
16  0.0137331
18  0.0131865
20  0.0126016
22  0.0119853
24  0.0113439
26  0.0106809
28  0.0099958
30  0.0092808
32  0.00851898
34  0.00768427
36  0.00674665
38  0.00568396
40  0.00450004
42  0.00324334
44  0.00201659
46  0.000966969
48  0.000253469
