-50  0.00116554
-48  0.00295754
-46  0.00400182
-44  0.00461556
-42  0.0051533
-40  0.00570833
-38  0.00629066
-36  0.00689793
-34  0.00752624
-32  0.00817097
-30  0.00882686
-28  0.00948801
-26  0.010148
-24  0.0108
-22  0.0114367
-20  0.0120508
-18  0.0126348
-16  0.0131813
-14  0.0136831
-12  0.0141334
-10  0.0145259
-8  0.0148552
-6  0.0151165
-4  0.0153059
-2  0.0154207
0  0.0154592
2  0.0154207
4  0.0153059
6  0.0151165
8  0.0148552
10  0.0145259
12  0.0141334
14  0.0136831
16  0.0131813
18  0.0126348
20  0.0120508
22  0.0114367
24  0.0108
26  0.010148
28  0.00948801
30  0.00882686
32  0.00817097
34  0.00752624
36  0.00689793
38  0.00629064
40  0.00570733
42  0.00513715
44  0.00447525
46  0.0033208
48  0.00131218
