-50  0.000312514
-48  0.00115651
-46  0.00230493
-44  0.00351486
-42  0.00462411
-40  0.00557731
-38  0.00639468
-36  0.00712503
-34  0.00781299
-32  0.00848662
-30  0.00915834
-28  0.00983018
-26  0.0104987
-24  0.011158
-22  0.011801
-20  0.0124204
-18  0.0130088
-16  0.0135589
-14  0.0140635
-12  0.0145161
-10  0.0149103
-8  0.0152409
-6  0.015503
-4  0.015693
-2  0.0158081
0  0.0158467
2  0.0158081
4  0.015693
6  0.015503
8  0.0152409
10  0.0149103
12  0.0145161
14  0.0140635
16  0.0135589
18  0.0130088
20  0.0124204
22  0.011801
24  0.011158
26  0.0104985
28  0.0098287
30  0.0091521
32  0.00846626
34  0.00775723
36  0.00699359
38  0.0061253
40  0.0050974
42  0.00388677
44  0.00255508
46  0.00128427
48  0.0003474
