-50  0.000214876
-48  0.000824697
-46  0.00173615
-44  0.00282568
-42  0.00397285
-40  0.00508603
-38  0.00611358
-36  0.00704073
-34  0.00787785
-32  0.00864676
-30  0.00936987
-28  0.010064
-26  0.0107386
-24  0.0113962
-22  0.0120347
-20  0.0126489
-18  0.013232
-16  0.0137771
-14  0.014277
-12  0.0147251
-10  0.0151153
-8  0.0154423
-6  0.0157015
-4  0.0158893
-2  0.0160031
0  0.0160412
2  0.0160031
4  0.0158893
6  0.0157015
8  0.0154423
10  0.0151154
12  0.0147253
14  0.0142775
16  0.013778
18  0.0132337
20  0.0126512
22  0.0120371
24  0.0113964
26  0.0107309
28  0.0100372
30  0.00930454
32  0.00851387
34  0.00764001
36  0.00665844
38  0.00555736
40  0.00435306
42  0.00310312
44  0.00190994
46  0.000908372
48  0.000236852
