-50  0.000242347
-48  0.000920965
-46  0.00190954
-44  0.00305021
-42  0.00420325
-40  0.0052785
-38  0.00624086
-36  0.00709644
-34  0.00787177
-32  0.00859643
-30  0.00929313
-28  0.00997481
-26  0.0106458
-24  0.0113045
-22  0.011946
-20  0.0125636
-18  0.0131501
-16  0.0136982
-14  0.0142008
-12  0.0146513
-10  0.0150437
-8  0.0153725
-6  0.0156332
-4  0.0158222
-2  0.0159366
0  0.015975
2  0.0159366
4  0.0158222
6  0.0156332
8  0.0153725
10  0.0150437
12  0.0146513
14  0.0142009
16  0.0136984
18  0.0131505
20  0.0125643
22  0.0119468
24  0.0113048
26  0.0106431
28  0.00996304
30  0.00925938
32  0.0085175
34  0.0077119
36  0.00680941
38  0.00578012
40  0.00461697
42  0.00335897
44  0.00210699
46  0.00101762
48  0.000268004
