-50  0.000198437
-48  0.000766013
-46  0.00162716
-44  0.00267841
-42  0.00381311
-40  0.00494275
-38  0.00600895
-36  0.00698506
-34  0.00786973
-32  0.00867683
-30  0.00942559
-28  0.0101336
-26  0.0108131
-24  0.0114701
-22  0.012105
-20  0.0127146
-18  0.0132933
-16  0.0138343
-14  0.0143308
-12  0.0147759
-10  0.0151636
-8  0.0154886
-6  0.0157462
-4  0.0159329
-2  0.0160459
0  0.0160838
2  0.016046
4  0.0159329
6  0.0157463
8  0.0154888
10  0.0151641
12  0.0147768
14  0.0143324
16  0.013837
18  0.0132973
20  0.0127197
22  0.0121093
24  0.0114693
26  0.0107984
28  0.0100894
30  0.00932848
32  0.00849572
34  0.00756947
36  0.00653408
38  0.00539088
40  0.00416941
42  0.00293473
44  0.00178573
46  0.000841608
48  0.000218166
