-50  0.000224732
-48  0.000859497
-46  0.0017996
-44  0.00290927
-42  0.00406053
-40  0.00516136
-38  0.00616539
-36  0.00706533
-34  0.00787792
-32  0.00862853
-30  0.00934025
-28  0.0100288
-26  0.0107016
-24  0.0113597
-22  0.0119996
-20  0.0126154
-18  0.0132001
-16  0.0137466
-14  0.0142478
-12  0.014697
-10  0.0150882
-8  0.015416
-6  0.0156758
-4  0.0158642
-2  0.0159782
0  0.0160164
2  0.0159782
4  0.0158642
6  0.0156759
8  0.015416
10  0.0150882
12  0.0146971
14  0.014248
16  0.0137471
18  0.0132011
20  0.0126169
22  0.0120012
24  0.01136
26  0.0106964
28  0.0100088
30  0.00928871
32  0.00851823
34  0.00767145
36  0.00671989
38  0.00564464
40  0.0044536
42  0.00319846
44  0.00198212
46  0.000947894
48  0.000248037
