-50  0.000197516
-48  0.000762704
-46  0.00162094
-44  0.00266986
-42  0.00380365
-40  0.00493403
-38  0.00600234
-36  0.00698132
-34  0.00786892
-32  0.00867848
-30  0.00942898
-28  0.010138
-26  0.0108179
-24  0.0114748
-22  0.0121095
-20  0.0127188
-18  0.0132971
-16  0.0138378
-14  0.014334
-12  0.0147789
-10  0.0151664
-8  0.0154912
-6  0.0157487
-4  0.0159353
-2  0.0160483
0  0.0160862
2  0.0160483
4  0.0159354
6  0.0157488
8  0.0154915
10  0.0151669
12  0.0147798
14  0.0143357
16  0.0138407
18  0.0133013
20  0.012724
22  0.012114
24  0.011474
26  0.0108026
28  0.0100925
30  0.00932968
32  0.00849421
34  0.00756474
36  0.00652622
38  0.00538072
40  0.0041585
42  0.00292495
44  0.00177863
46  0.000837838
48  0.000217118
