-50  0.000250936
-48  0.000950597
-46  0.00196154
-44  0.00311514
-42  0.00426676
-40  0.0053283
-38  0.00627082
-36  0.00710676
-34  0.00786665
-32  0.00858125
-30  0.00927251
-28  0.00995188
-26  0.0106223
-24  0.0112813
-22  0.0119232
-20  0.0125414
-18  0.0131284
-16  0.013677
-14  0.0141801
-12  0.014631
-10  0.0150238
-8  0.015353
-6  0.015614
-4  0.0158032
-2  0.0159178
0  0.0159562
2  0.0159178
4  0.0158032
6  0.015614
8  0.015353
10  0.0150238
12  0.0146311
14  0.0141801
16  0.0136771
18  0.0131286
20  0.0125418
22  0.0119238
24  0.0112815
26  0.0106204
28  0.00994276
30  0.00924505
32  0.00851426
34  0.00772573
36  0.00684498
38  0.00583766
40  0.00468957
42  0.00343284
44  0.002166
46  0.0010512
48  0.000277732
