-50  0.000493881
-48  0.00169675
-46  0.00305487
-44  0.00419916
-42  0.00507284
-40  0.00577638
-38  0.00641333
-36  0.00704068
-34  0.00767889
-32  0.00833091
-30  0.00899329
-28  0.00966047
-26  0.010326
-24  0.0109831
-22  0.0116245
-20  0.0122428
-18  0.0128305
-16  0.0133802
-14  0.0138848
-12  0.0143374
-10  0.0147319
-8  0.0150628
-6  0.0153252
-4  0.0155155
-2  0.0156308
0  0.0156694
2  0.0156308
4  0.0155155
6  0.0153252
8  0.0150628
10  0.0147319
12  0.0143374
14  0.0138848
16  0.0133802
18  0.0128305
20  0.0122428
22  0.0116245
24  0.0109831
26  0.010326
28  0.00966046
30  0.00899322
32  0.00833036
34  0.00767573
36  0.00702611
38  0.00635875
40  0.00560981
42  0.00466268
44  0.00340351
46  0.00189503
48  0.00055241
