-50  0.000572133
-48  0.00190027
-46  0.0032813
-44  0.0043501
-42  0.00513399
-40  0.00578018
-38  0.0063912
-36  0.00700906
-34  0.00764382
-32  0.00829411
-30  0.00895519
-28  0.00962124
-26  0.0102858
-24  0.010942
-22  0.0115826
-20  0.0122002
-18  0.0127874
-16  0.0133366
-14  0.0138408
-12  0.0142931
-10  0.0146874
-8  0.015018
-6  0.0152804
-4  0.0154705
-2  0.0155858
0  0.0156244
2  0.0155858
4  0.0154705
6  0.0152804
8  0.015018
10  0.0146874
12  0.0142931
14  0.0138408
16  0.0133366
18  0.0127874
20  0.0122002
22  0.0115826
24  0.010942
26  0.0102858
28  0.00962124
30  0.00895518
32  0.008294
34  0.00764295
36  0.00700367
38  0.0063651
40  0.00568029
42  0.00483393
44  0.00365961
46  0.0021251
48  0.000640871
