-50  0.000295596
-48  0.00110108
-46  0.00221561
-44  0.00341584
-42  0.00454125
-40  0.00552481
-38  0.00637307
-36  0.00712679
-34  0.00782903
-32  0.00850994
-30  0.00918479
-28  0.00985779
-26  0.0105267
-24  0.011186
-22  0.011829
-20  0.0124483
-18  0.0130366
-16  0.0135864
-14  0.0140909
-12  0.0145432
-10  0.0149372
-8  0.0152675
-6  0.0155294
-4  0.0157193
-2  0.0158343
0  0.0158729
2  0.0158343
4  0.0157193
6  0.0155294
8  0.0152675
10  0.0149372
12  0.0145432
14  0.0140909
16  0.0135865
18  0.0130366
20  0.0124483
22  0.0118291
24  0.0111861
26  0.0105263
28  0.00985535
30  0.00917542
32  0.00848163
34  0.00775684
36  0.00696727
38  0.0060646
40  0.0050029
42  0.00377441
44  0.00245395
46  0.00122157
48  0.000328269
