-50  0.000268861
-48  0.00101172
-46  0.00206677
-44  0.00324305
-42  0.00438757
-40  0.00541873
-38  0.0063214
-36  0.00712047
-34  0.00785311
-32  0.00855097
-30  0.00923372
-28  0.00990967
-26  0.0105793
-24  0.0112385
-22  0.0118812
-20  0.0125
-18  0.0130878
-16  0.013637
-14  0.0141408
-12  0.0145925
-10  0.0149859
-8  0.0153157
-6  0.0155772
-4  0.0157667
-2  0.0158815
0  0.01592
2  0.0158815
4  0.0157667
6  0.0155772
8  0.0153157
10  0.0149859
12  0.0145925
14  0.0141409
16  0.0136371
18  0.0130878
20  0.0125002
22  0.0118814
24  0.0112387
26  0.0105783
28  0.00990432
30  0.00921587
32  0.00850349
34  0.0077451
36  0.00690522
38  0.00594209
40  0.00482755
42  0.00357822
44  0.00228533
46  0.00112043
48  0.000298023
