-50  0.000244398
-48  0.000928062
-46  0.00192205
-44  0.00306593
-42  0.00421877
-40  0.00529081
-38  0.00624839
-36  0.00709916
-34  0.00787065
-32  0.00859277
-30  0.00928808
-28  0.00996915
-26  0.01064
-24  0.0112988
-22  0.0119404
-20  0.0125582
-18  0.0131448
-16  0.013693
-14  0.0141957
-12  0.0146464
-10  0.0150388
-8  0.0153678
-6  0.0156286
-4  0.0158175
-2  0.015932
0  0.0159704
2  0.015932
4  0.0158175
6  0.0156286
8  0.0153678
10  0.0150388
12  0.0146464
14  0.0141958
16  0.0136931
18  0.0131451
20  0.0125587
22  0.0119412
24  0.0112991
26  0.0106375
28  0.00995808
30  0.00925595
32  0.00851687
34  0.00771552
36  0.00681834
38  0.00579434
40  0.00463471
42  0.00337687
44  0.00212119
46  0.00102566
48  0.000270328
