-50  0.000624612
-48  0.00202726
-46  0.00340743
-44  0.00442186
-42  0.00515574
-40  0.00577573
-38  0.00637691
-36  0.00699159
-34  0.00762509
-32  0.00827454
-30  0.00893491
-28  0.00960029
-26  0.0102643
-24  0.0109199
-22  0.0115601
-20  0.0121773
-18  0.012764
-16  0.0133129
-14  0.0138168
-12  0.014269
-10  0.0146631
-8  0.0149936
-6  0.0152558
-4  0.0154459
-2  0.0155611
0  0.0155997
2  0.0155611
4  0.0154459
6  0.0152558
8  0.0149936
10  0.0146631
12  0.014269
14  0.0138168
16  0.0133129
18  0.012764
20  0.0121773
22  0.0115601
24  0.0109199
26  0.0102643
28  0.00960029
30  0.0089349
32  0.00827451
34  0.00762473
36  0.00698887
38  0.00636118
40  0.00570565
42  0.00491543
44  0.00380229
46  0.00226866
48  0.000700206
