-50  0.00172034
-48  0.00341563
-46  0.00409879
-44  0.00459981
-42  0.00512082
-40  0.00567246
-38  0.00625225
-36  0.00685699
-34  0.00748278
-32  0.00812504
-30  0.00877851
-28  0.00943731
-26  0.010095
-24  0.0107449
-22  0.0113796
-20  0.0119918
-18  0.012574
-16  0.0131189
-14  0.0136193
-12  0.0140683
-10  0.0144598
-8  0.0147882
-6  0.0150488
-4  0.0152377
-2  0.0153522
0  0.0153906
2  0.0153522
4  0.0152377
6  0.0150488
8  0.0147882
10  0.0144598
12  0.0140683
14  0.0136193
16  0.0131189
18  0.012574
20  0.0119918
22  0.0113796
24  0.0107449
26  0.010095
28  0.00943731
30  0.00877851
32  0.00812504
34  0.00748278
36  0.00685699
38  0.00625225
40  0.00567246
42  0.00512082
44  0.00458577
46  0.00383928
48  0.00194036
