-50  0.000238421
-48  0.000907345
-46  0.00188542
-44  0.00301971
-42  0.00417292
-40  0.0052542
-38  0.00622576
-36  0.00709075
-34  0.00787371
-32  0.00860349
-30  0.00930305
-28  0.00998597
-26  0.0106573
-24  0.0113159
-22  0.0119571
-20  0.0125744
-18  0.0131606
-16  0.0137084
-14  0.0142107
-12  0.014661
-10  0.0150531
-8  0.0153818
-6  0.0156424
-4  0.0158312
-2  0.0159455
0  0.0159839
2  0.0159455
4  0.0158312
6  0.0156424
8  0.0153818
10  0.0150532
12  0.014661
14  0.0142108
16  0.0137086
18  0.013161
20  0.0125752
22  0.0119581
24  0.0113162
26  0.0106542
28  0.00997274
30  0.00926595
32  0.00851843
34  0.0077044
36  0.00679149
38  0.00575204
40  0.00458228
42  0.00332426
44  0.00207961
46  0.00100218
48  0.000263556
