-50  0.000196614
-48  0.000759459
-46  0.00161484
-44  0.00266146
-42  0.00379431
-40  0.0049254
-38  0.00599579
-36  0.00697758
-34  0.00786808
-32  0.00868009
-30  0.00943234
-28  0.0101424
-26  0.0108226
-24  0.0114795
-22  0.012114
-20  0.0127229
-18  0.0133009
-16  0.0138413
-14  0.0143371
-12  0.0147818
-10  0.0151692
-8  0.0154938
-6  0.0157512
-4  0.0159377
-2  0.0160507
0  0.0160885
2  0.0160507
4  0.0159377
6  0.0157513
8  0.0154941
10  0.0151697
12  0.0147829
14  0.014339
16  0.0138443
18  0.0133053
20  0.0127284
22  0.0121186
24  0.0114786
26  0.0108068
28  0.0100956
30  0.00933084
32  0.00849267
34  0.00756001
36  0.00651841
38  0.00537067
40  0.00414775
42  0.00291532
44  0.00177166
46  0.000834139
48  0.000216091
