-50  0.000207643
-48  0.000798975
-46  0.00168868
-44  0.00276211
-42  0.00390471
-40  0.00502584
-38  0.00607054
-36  0.00701869
-34  0.00787567
-32  0.0086601
-30  0.00939333
-28  0.0100928
-26  0.0107691
-24  0.0114264
-22  0.0120635
-20  0.012676
-18  0.0132576
-16  0.0138012
-14  0.0142998
-12  0.0147469
-10  0.0151362
-8  0.0154624
-6  0.015721
-4  0.0159084
-2  0.0160219
0  0.0160599
2  0.0160219
4  0.0159084
6  0.015721
8  0.0154625
10  0.0151364
12  0.0147473
14  0.0143007
16  0.0138027
18  0.01326
20  0.0126793
22  0.0120667
24  0.0114263
26  0.0107589
28  0.0100594
30  0.00931557
32  0.00850779
34  0.00761204
36  0.00660734
38  0.0054875
40  0.0042748
42  0.0030305
44  0.00185588
46  0.000879129
48  0.000228636
