-50  0.000231206
-48  0.000882195
-46  0.00184052
-44  0.0029623
-42  0.004115
-40  0.00520689
-38  0.0061955
-36  0.0070785
-34  0.00787647
-32  0.00861662
-30  0.00932212
-28  0.0100077
-26  0.0106798
-24  0.0113381
-22  0.0119787
-20  0.0125953
-18  0.0131808
-16  0.013728
-14  0.0142298
-12  0.0146795
-10  0.0150712
-8  0.0153994
-6  0.0156597
-4  0.0158482
-2  0.0159625
0  0.0160007
2  0.0159625
4  0.0158483
6  0.0156597
8  0.0153995
10  0.0150712
12  0.0146796
14  0.0142299
16  0.0137283
18  0.0131815
20  0.0125964
22  0.01198
24  0.0113384
26  0.0106757
28  0.00999132
30  0.00927801
32  0.00851906
34  0.00768844
36  0.0067556
38  0.00569733
40  0.00451599
42  0.00325889
44  0.00202862
46  0.000973652
48  0.000255378
