-50  0.000209945
-48  0.000807177
-46  0.00170387
-44  0.00278255
-42  0.00392675
-40  0.00504546
-38  0.00608472
-36  0.0070261
-34  0.00787658
-32  0.00865587
-30  0.00938569
-28  0.0100833
-26  0.0107591
-24  0.0114165
-22  0.0120541
-20  0.0126671
-18  0.0132492
-16  0.0137933
-14  0.0142924
-12  0.0147398
-10  0.0151294
-8  0.0154559
-6  0.0157148
-4  0.0159023
-2  0.0160159
0  0.0160539
2  0.0160159
4  0.0159023
6  0.0157148
8  0.015456
10  0.0151296
12  0.0147402
14  0.0142932
16  0.0137947
18  0.0132514
20  0.0126701
22  0.0120569
24  0.0114165
26  0.0107497
28  0.0100522
30  0.00931213
32  0.00851002
34  0.00762143
36  0.00662419
38  0.00551029
40  0.00430013
42  0.00305386
44  0.00187318
46  0.000888457
48  0.000231251
