-50  0.000234713
-48  0.00089444
-46  0.00186244
-44  0.00299043
-42  0.00414352
-40  0.00523033
-38  0.00621063
-36  0.00708476
-34  0.00787527
-32  0.00861021
-30  0.00931271
-28  0.00999694
-26  0.0106686
-24  0.0113271
-22  0.011968
-20  0.012585
-18  0.0131708
-16  0.0137183
-14  0.0142204
-12  0.0146704
-10  0.0150623
-8  0.0153908
-6  0.0156512
-4  0.0158399
-2  0.0159542
0  0.0159925
2  0.0159542
4  0.0158399
6  0.0156512
8  0.0153908
10  0.0150623
12  0.0146705
14  0.0142205
16  0.0137186
18  0.0131714
20  0.0125859
22  0.0119691
24  0.0113274
26  0.010665
28  0.00998217
30  0.00927216
32  0.00851894
34  0.00769656
36  0.00677354
38  0.00572443
40  0.00454863
42  0.00329093
44  0.00205351
46  0.000987542
48  0.000259353
