-50  0.00204608
-48  0.00354923
-46  0.0041002
-44  0.00458777
-42  0.00510776
-40  0.00565836
-38  0.00623708
-36  0.00684075
-34  0.00746546
-32  0.00810665
-30  0.00875906
-28  0.00941683
-26  0.0100736
-24  0.0107224
-22  0.0113562
-20  0.0119676
-18  0.012549
-16  0.0130931
-14  0.0135928
-12  0.0140413
-10  0.0144323
-8  0.0147602
-6  0.0150205
-4  0.0152092
-2  0.0153235
0  0.0153619
2  0.0153235
4  0.0152092
6  0.0150205
8  0.0147602
10  0.0144323
12  0.0140413
14  0.0135928
16  0.0130931
18  0.012549
20  0.0119676
22  0.0113562
24  0.0107224
26  0.0100736
28  0.00941683
30  0.00875906
32  0.00810665
34  0.00746546
36  0.00684075
38  0.00623708
40  0.00565836
42  0.00510776
44  0.00458777
46  0.00399061
48  0.00230933
