-50  0.000216183
-48  0.000829328
-46  0.00174464
-44  0.00283697
-42  0.00398482
-40  0.00509646
-38  0.00612089
-36  0.00704433
-34  0.00787804
-32  0.00864434
-30  0.00936579
-28  0.0100591
-26  0.0107334
-24  0.0113911
-22  0.0120298
-20  0.0126442
-18  0.0132276
-16  0.0137729
-14  0.014273
-12  0.0147212
-10  0.0151116
-8  0.0154387
-6  0.015698
-4  0.0158859
-2  0.0159998
0  0.0160379
2  0.0159998
4  0.0158859
6  0.0156981
8  0.0154388
10  0.0151117
12  0.0147215
14  0.0142734
16  0.0137738
18  0.0132291
20  0.0126464
22  0.0120321
24  0.0113913
26  0.0107261
28  0.0100333
30  0.00930249
32  0.00851469
34  0.0076446
36  0.00666711
38  0.00556945
40  0.00436679
42  0.00311599
44  0.0019196
46  0.000913634
48  0.000238336
