-50  0.000288129
-48  0.00107634
-46  0.002175
-44  0.00336965
-42  0.00450127
-40  0.00549826
-38  0.00636104
-36  0.00712634
-34  0.007836
-32  0.00852088
-30  0.00919751
-28  0.00987116
-26  0.0105402
-24  0.0111995
-22  0.0118425
-20  0.0124617
-18  0.0130499
-16  0.0135996
-14  0.0141039
-12  0.0145561
-10  0.01495
-8  0.0152802
-6  0.015542
-4  0.0157318
-2  0.0158468
0  0.0158853
2  0.0158468
4  0.0157318
6  0.015542
8  0.0152802
10  0.01495
12  0.0145561
14  0.0141039
16  0.0135996
18  0.0130499
20  0.0124618
22  0.0118426
24  0.0111996
26  0.0105397
28  0.00986812
30  0.00918629
32  0.00848815
34  0.00775517
36  0.00695275
38  0.00603393
40  0.00495731
42  0.00372198
44  0.00240796
46  0.00119358
48  0.000319823
