-50  0.000596958
-48  0.00196127
-46  0.00334332
-44  0.00438653
-42  0.00514573
-40  0.0057785
-38  0.00638431
-36  0.00700046
-34  0.00763456
-32  0.00828443
-30  0.00894516
-28  0.00961089
-26  0.0102752
-24  0.0109311
-22  0.0115715
-20  0.0121889
-18  0.0127758
-16  0.0133249
-14  0.013829
-12  0.0142812
-10  0.0146754
-8  0.015006
-6  0.0152683
-4  0.0154584
-2  0.0155737
0  0.0156123
2  0.0155737
4  0.0154584
6  0.0152683
8  0.015006
10  0.0146754
12  0.0142812
14  0.013829
16  0.0133249
18  0.0127758
20  0.0121889
22  0.0115715
24  0.0109311
26  0.0102752
28  0.00961089
30  0.00894516
32  0.00828437
34  0.00763398
36  0.00699655
38  0.00636375
40  0.00569394
42  0.00487529
44  0.00372977
46  0.00219407
48  0.000668938
