-50  0.000199376
-48  0.000769387
-46  0.00163349
-44  0.00268709
-42  0.00382271
-40  0.00495157
-38  0.0060156
-36  0.0069888
-34  0.00787052
-32  0.00867514
-30  0.00942217
-28  0.0101292
-26  0.0108083
-24  0.0114653
-22  0.0121005
-20  0.0127105
-18  0.0132895
-16  0.0138308
-14  0.0143275
-12  0.0147729
-10  0.0151608
-8  0.0154859
-6  0.0157436
-4  0.0159304
-2  0.0160435
0  0.0160814
2  0.0160435
4  0.0159304
6  0.0157437
8  0.0154861
10  0.0151612
12  0.0147737
14  0.014329
16  0.0138334
18  0.0132933
20  0.0127153
22  0.0121047
24  0.0114647
26  0.0107941
28  0.0100863
30  0.00932723
32  0.0084972
34  0.0075742
36  0.00654201
38  0.00540115
40  0.00418047
42  0.00294468
44  0.00179296
46  0.000845451
48  0.000219235
