-50  0.000201313
-48  0.000776339
-46  0.00164652
-44  0.0027049
-42  0.00384233
-40  0.00496952
-38  0.00602905
-36  0.00699629
-34  0.00787201
-32  0.00867164
-30  0.0094152
-28  0.0101203
-26  0.0107987
-24  0.0114557
-22  0.0120914
-20  0.012702
-18  0.0132817
-16  0.0138237
-14  0.0143209
-12  0.0147667
-10  0.015155
-8  0.0154804
-6  0.0157383
-4  0.0159252
-2  0.0160385
0  0.0160764
2  0.0160385
4  0.0159253
6  0.0157384
8  0.0154805
10  0.0151553
12  0.0147674
14  0.0143222
16  0.0138259
18  0.0132852
20  0.0127064
22  0.0120953
24  0.0114552
26  0.0107855
28  0.0100798
30  0.00932461
32  0.00850006
34  0.00758367
36  0.00655802
38  0.00542203
40  0.00420305
42  0.00296507
44  0.00180781
46  0.000853368
48  0.000221439
