-50  0.000291788
-48  0.00108849
-46  0.00219499
-44  0.00339248
-42  0.00452113
-40  0.00551154
-38  0.00636715
-36  0.00712667
-34  0.0078326
-32  0.00851547
-30  0.00919119
-28  0.00986451
-26  0.0105335
-24  0.0111928
-22  0.0118358
-20  0.0124551
-18  0.0130433
-16  0.0135931
-14  0.0140974
-12  0.0145497
-10  0.0149436
-8  0.0152739
-6  0.0155358
-4  0.0157256
-2  0.0158406
0  0.0158791
2  0.0158406
4  0.0157256
6  0.0155358
8  0.0152739
10  0.0149436
12  0.0145497
14  0.0140974
16  0.0135931
18  0.0130433
20  0.0124551
22  0.0118359
24  0.0111929
26  0.0105331
28  0.00986178
30  0.00918092
32  0.00848498
34  0.00775612
36  0.00696011
38  0.00604928
40  0.00497996
42  0.0037479
44  0.0024306
46  0.00120732
48  0.000323962
