-50  0.000240356
-48  0.000914062
-46  0.00189733
-44  0.0030348
-42  0.00418797
-40  0.0052663
-38  0.00623332
-36  0.00709363
-34  0.00787279
-32  0.0086
-30  0.00929812
-28  0.00998041
-26  0.0106516
-24  0.0113102
-22  0.0119516
-20  0.0125691
-18  0.0131554
-16  0.0137033
-14  0.0142058
-12  0.0146562
-10  0.0150484
-8  0.0153772
-6  0.0156378
-4  0.0158267
-2  0.0159411
0  0.0159794
2  0.0159411
4  0.0158267
6  0.0156378
8  0.0153772
10  0.0150485
12  0.0146562
14  0.0142059
16  0.0137035
18  0.0131558
20  0.0125697
22  0.0119525
24  0.0113105
26  0.0106487
28  0.00996793
30  0.00926271
32  0.00851802
34  0.0077082
36  0.00680045
38  0.00576602
40  0.00459949
42  0.00334144
44  0.00209313
46  0.00100979
48  0.000265748
