-50  0.00105525
-48  0.00281621
-46  0.00394661
-44  0.00461109
-42  0.0051616
-40  0.00571886
-38  0.006302
-36  0.00690997
-34  0.00753896
-32  0.00818437
-30  0.00884091
-28  0.00950268
-26  0.0101633
-24  0.0108158
-22  0.0114531
-20  0.0120677
-18  0.0126521
-16  0.013199
-14  0.0137011
-12  0.0141517
-10  0.0145445
-8  0.0148741
-6  0.0151355
-4  0.015325
-2  0.0154399
0  0.0154784
2  0.0154399
4  0.015325
6  0.0151355
8  0.0148741
10  0.0145445
12  0.0141517
14  0.0137011
16  0.013199
18  0.0126521
20  0.0120677
22  0.0114531
24  0.0108158
26  0.0101633
28  0.00950268
30  0.00884091
32  0.00818437
34  0.00753896
36  0.00690997
38  0.00630186
40  0.00571614
42  0.00513167
44  0.00441263
46  0.0031609
48  0.00118736
