-50  0.000327309
-48  0.00120427
-46  0.00238004
-44  0.00359537
-42  0.00468853
-40  0.00561557
-38  0.00640825
-36  0.00712112
-34  0.00779904
-32  0.00846785
-30  0.00913757
-28  0.00980866
-26  0.0104769
-24  0.011136
-22  0.011779
-20  0.0123985
-18  0.0129869
-16  0.0135371
-14  0.0140419
-12  0.0144946
-10  0.014889
-8  0.0152196
-6  0.0154819
-4  0.015672
-2  0.0157871
0  0.0158257
2  0.0157871
4  0.015672
6  0.0154819
8  0.0152196
10  0.014889
12  0.0144946
14  0.0140419
16  0.0135371
18  0.0129869
20  0.0123985
22  0.011779
24  0.0111361
26  0.0104768
28  0.0098077
30  0.00913321
32  0.0084526
34  0.00775463
36  0.0070104
38  0.0061696
40  0.00517087
42  0.0039781
44  0.00264011
46  0.00133829
48  0.000364129
