-50  0.000549722
-48  0.00184374
-46  0.00322143
-44  0.00431289
-42  0.00512068
-40  0.00578079
-38  0.00639756
-36  0.00701739
-34  0.00765288
-32  0.00830358
-30  0.008965
-28  0.00963135
-26  0.0102962
-24  0.0109526
-22  0.0115935
-20  0.0122113
-18  0.0127986
-16  0.0133479
-14  0.0138522
-12  0.0143046
-10  0.014699
-8  0.0150297
-6  0.0152921
-4  0.0154823
-2  0.0155975
0  0.0156361
2  0.0155975
4  0.0154823
6  0.0152921
8  0.0150297
10  0.014699
12  0.0143046
14  0.0138522
16  0.0133479
18  0.0127986
20  0.0122113
22  0.0115935
24  0.0109526
26  0.0102962
28  0.00963135
30  0.00896498
32  0.0083034
34  0.00765161
36  0.00701021
38  0.00636526
40  0.00566489
42  0.0047917
44  0.00359189
46  0.0020612
48  0.000615535
