-50  0.000253253
-48  0.000958554
-46  0.0019754
-44  0.00313225
-42  0.00428326
-40  0.00534099
-38  0.00627823
-36  0.00710909
-34  0.0078651
-32  0.00857722
-30  0.00926718
-28  0.00994602
-26  0.0106163
-24  0.0112753
-22  0.0119174
-20  0.0125357
-18  0.0131228
-16  0.0136715
-14  0.0141747
-12  0.0146258
-10  0.0150187
-8  0.0153479
-6  0.015609
-4  0.0157983
-2  0.0159129
0  0.0159513
2  0.0159129
4  0.0157983
6  0.015609
8  0.0153479
10  0.0150187
12  0.0146258
14  0.0141747
16  0.0136716
18  0.013123
20  0.0125361
22  0.0119179
24  0.0112756
26  0.0106145
28  0.00993751
30  0.00924121
32  0.00851314
34  0.00772891
36  0.00685379
38  0.00585231
40  0.00470842
42  0.00345229
44  0.00218172
46  0.00106022
48  0.000280356
