-50  0.000303696
-48  0.00112773
-46  0.00225884
-44  0.0034642
-42  0.00458221
-40  0.0055512
-38  0.00638432
-36  0.00712638
-34  0.00782136
-32  0.00849852
-30  0.00917174
-28  0.00984413
-26  0.0105128
-24  0.0111721
-22  0.0118151
-20  0.0124345
-18  0.0130229
-16  0.0135729
-14  0.0140774
-12  0.0145298
-10  0.014924
-8  0.0152544
-6  0.0155165
-4  0.0157064
-2  0.0158215
0  0.01586
2  0.0158215
4  0.0157064
6  0.0155165
8  0.0152544
10  0.014924
12  0.0145298
14  0.0140774
16  0.0135729
18  0.0130229
20  0.0124346
22  0.0118152
24  0.0111722
26  0.0105126
28  0.00984221
30  0.00916403
32  0.00847433
34  0.00775755
36  0.00698092
38  0.00609511
40  0.00504962
42  0.0038293
44  0.0025029
46  0.00125172
48  0.000337429
