-50  0.000690616
-48  0.00217655
-46  0.00354119
-44  0.00448772
-42  0.00517002
-40  0.00576701
-38  0.0063607
-36  0.00697306
-34  0.00760545
-32  0.00825404
-30  0.00891361
-28  0.00957826
-26  0.0102416
-24  0.0108966
-22  0.0115362
-20  0.0121529
-18  0.0127392
-16  0.0132877
-14  0.0137913
-12  0.0142432
-10  0.0146371
-8  0.0149674
-6  0.0152295
-4  0.0154195
-2  0.0155347
0  0.0155733
2  0.0155347
4  0.0154195
6  0.0152295
8  0.0149674
10  0.0146371
12  0.0142432
14  0.0137913
16  0.0132877
18  0.0127392
20  0.0121529
22  0.0115362
24  0.0108966
26  0.0102416
28  0.00957826
30  0.00891361
32  0.00825403
34  0.00760533
36  0.00697192
38  0.00635249
40  0.00572263
42  0.00499032
44  0.00395361
46  0.00243745
48  0.000774842
