-50  0.000344375
-48  0.00125853
-46  0.00246331
-44  0.00368163
-42  0.00475447
-40  0.00565217
-38  0.00641904
-36  0.00711474
-34  0.00778338
-32  0.00844796
-30  0.00911596
-28  0.00978638
-26  0.0104543
-24  0.0111133
-22  0.0117562
-20  0.0123756
-18  0.0129641
-16  0.0135143
-14  0.0140192
-12  0.0144719
-10  0.0148665
-8  0.0151972
-6  0.0154596
-4  0.0156498
-2  0.015765
0  0.0158036
2  0.015765
4  0.0156498
6  0.0154596
8  0.0151972
10  0.0148665
12  0.0144719
14  0.0140192
16  0.0135143
18  0.0129641
20  0.0123756
22  0.0117562
24  0.0111133
26  0.0104543
28  0.0097858
30  0.00911308
32  0.00843705
34  0.00774929
36  0.00702411
38  0.00621207
40  0.00524607
42  0.00407592
44  0.00273435
46  0.00139965
48  0.000383421
